
 Quartz v5.0.0  

Cleaned output directory `public` in 984μs
Found 576 input files from `content` in 16ms
Parsing input files using 4 threads
▲ [WARNING] Using direct eval with a bundler is not recommended and may cause problems [direct-eval]

    .quartz/plugins/note-properties/dist/index.js:3117:17:
      3117 │           return eval(str) || {};
           ╵                  ~~~~

  You can read more about direct eval and bundling here: https://esbuild.github.io/link/direct-eval


Warning: content/corynebacterium-glutamicum.md isn't yet tracked by git, dates will be inaccurate

Warning: content/hybridization-chain-reaction.md isn't yet tracked by git, dates will be inaccurate

Warning: content/18f-fdg.md isn't yet tracked by git, dates will be inaccurate

Warning: content/neuroinflammation.md isn't yet tracked by git, dates will be inaccurate

Warning: content/3d-bioprinting.md isn't yet tracked by git, dates will be inaccurate

Warning: content/hydrogel-scaffold.md isn't yet tracked by git, dates will be inaccurate

Warning: content/covid-19-vaccine.md isn't yet tracked by git, dates will be inaccurate

Warning: content/neuropathic-pain.md isn't yet tracked by git, dates will be inaccurate

Warning: content/5-fluorouracil.md isn't yet tracked by git, dates will be inaccurate

Warning: content/cox-2.md isn't yet tracked by git, dates will be inaccurate

Warning: content/hydrogen-sulfide.md isn't yet tracked by git, dates will be inaccurate

Warning: content/nf-kb.md isn't yet tracked by git, dates will be inaccurate

Warning: content/aav.md isn't yet tracked by git, dates will be inaccurate

Warning: content/coxsackievirus-a6.md isn't yet tracked by git, dates will be inaccurate

Warning: content/iba-1.md isn't yet tracked by git, dates will be inaccurate

Warning: content/nfatc1.md isn't yet tracked by git, dates will be inaccurate

Warning: content/abiraterone.md isn't yet tracked by git, dates will be inaccurate

Warning: content/ibrutinib.md isn't yet tracked by git, dates will be inaccurate

Warning: content/crispr-based-genome-editing.md isn't yet tracked by git, dates will be inaccurate

Warning: content/nitric-oxide.md isn't yet tracked by git, dates will be inaccurate

Warning: content/acetaminophen-induced-liver-injury.md isn't yet tracked by git, dates will be inaccurate

Warning: content/crispr-cas12a.md isn't yet tracked by git, dates will be inaccurate

Warning: content/ibuprofen.md isn't yet tracked by git, dates will be inaccurate

Warning: content/nitrifier-denitrification.md isn't yet tracked by git, dates will be inaccurate

Warning: content/acetaminophen.md isn't yet tracked by git, dates will be inaccurate

Warning: content/ido1.md isn't yet tracked by git, dates will be inaccurate

Warning: content/crispr-cas9.md isn't yet tracked by git, dates will be inaccurate

Warning: content/nk-cells.md isn't yet tracked by git, dates will be inaccurate

Warning: content/acetylcholinesterase.md isn't yet tracked by git, dates will be inaccurate

Warning: content/iga-nephropathy.md isn't yet tracked by git, dates will be inaccurate

Warning: content/nlrp3.md isn't yet tracked by git, dates will be inaccurate

Warning: content/crispr-interference.md isn't yet tracked by git, dates will be inaccurate

Warning: content/acsl4.md isn't yet tracked by git, dates will be inaccurate

Warning: content/igf-1.md isn't yet tracked by git, dates will be inaccurate

Warning: content/critical-sized-bone-defects.md isn't yet tracked by git, dates will be inaccurate

Warning: content/nomogram.md isn't yet tracked by git, dates will be inaccurate

Warning: content/actin-cytoskeleton.md isn't yet tracked by git, dates will be inaccurate

Warning: content/il-12.md isn't yet tracked by git, dates will be inaccurate

Warning: content/non-hodgkin-lymphoma.md isn't yet tracked by git, dates will be inaccurate

Warning: content/crohns-disease.md isn't yet tracked by git, dates will be inaccurate

Warning: content/acute-bacterial-infected-wounds.md isn't yet tracked by git, dates will be inaccurate

Warning: content/il-17.md isn't yet tracked by git, dates will be inaccurate

Warning: content/nox4.md isn't yet tracked by git, dates will be inaccurate

Warning: content/ctla-4.md isn't yet tracked by git, dates will be inaccurate

Warning: content/acute-kidney-injury.md isn't yet tracked by git, dates will be inaccurate

Warning: content/il-17a.md isn't yet tracked by git, dates will be inaccurate

Warning: content/nrf2.md isn't yet tracked by git, dates will be inaccurate

Warning: content/ctni.md isn't yet tracked by git, dates will be inaccurate

Warning: content/acute-lung-injury.md isn't yet tracked by git, dates will be inaccurate

Warning: content/il-1b.md isn't yet tracked by git, dates will be inaccurate

Warning: content/ns1.md isn't yet tracked by git, dates will be inaccurate

Warning: content/ctnnb1.md isn't yet tracked by git, dates will be inaccurate

Warning: content/acute-myeloid-leukemia.md isn't yet tracked by git, dates will be inaccurate

Warning: content/nsclc.md isn't yet tracked by git, dates will be inaccurate

Warning: content/il-2.md isn't yet tracked by git, dates will be inaccurate

Warning: content/ctsb.md isn't yet tracked by git, dates will be inaccurate

Warning: content/acute-myocardial-infarction.md isn't yet tracked by git, dates will be inaccurate

Warning: content/obesity.md isn't yet tracked by git, dates will be inaccurate

Warning: content/il-4.md isn't yet tracked by git, dates will be inaccurate

Warning: content/cuproptosis.md isn't yet tracked by git, dates will be inaccurate

Warning: content/acute-pancreatitis.md isn't yet tracked by git, dates will be inaccurate

Warning: content/olanzapine.md isn't yet tracked by git, dates will be inaccurate

Warning: content/il-6.md isn't yet tracked by git, dates will be inaccurate

Warning: content/curcumin.md isn't yet tracked by git, dates will be inaccurate

Warning: content/adenine-base-editor.md isn't yet tracked by git, dates will be inaccurate

Warning: content/olaparib.md isn't yet tracked by git, dates will be inaccurate

Warning: content/cxcl9.md isn't yet tracked by git, dates will be inaccurate

Warning: content/il-6r.md isn't yet tracked by git, dates will be inaccurate

Warning: content/ahr.md isn't yet tracked by git, dates will be inaccurate

Warning: content/cxcr4.md isn't yet tracked by git, dates will be inaccurate

Warning: content/oral-biofilms.md isn't yet tracked by git, dates will be inaccurate

Warning: content/il-8.md isn't yet tracked by git, dates will be inaccurate

Warning: content/akt.md isn't yet tracked by git, dates will be inaccurate

Warning: content/cyca.md isn't yet tracked by git, dates will be inaccurate

Warning: content/oral-cavity-cancer.md isn't yet tracked by git, dates will be inaccurate

Warning: content/immune-checkpoint-blockade.md isn't yet tracked by git, dates will be inaccurate

Warning: content/akt1.md isn't yet tracked by git, dates will be inaccurate

Warning: content/cyp2c19.md isn't yet tracked by git, dates will be inaccurate

Warning: content/oral-squamous-cell-carcinoma.md isn't yet tracked by git, dates will be inaccurate

Warning: content/immune-checkpoint-inhibitors.md isn't yet tracked by git, dates will be inaccurate

Warning: content/alanine-aminotransferase.md isn't yet tracked by git, dates will be inaccurate

Warning: content/cyp450.md isn't yet tracked by git, dates will be inaccurate

Warning: content/osimertinib.md isn't yet tracked by git, dates will be inaccurate

Warning: content/immune-thrombocytopenia.md isn't yet tracked by git, dates will be inaccurate

Warning: content/alk.md isn't yet tracked by git, dates will be inaccurate

Warning: content/cystic-fibrosis.md isn't yet tracked by git, dates will be inaccurate

Warning: content/osteosarcoma.md isn't yet tracked by git, dates will be inaccurate

Warning: content/immunogenic-cell-death.md isn't yet tracked by git, dates will be inaccurate

Warning: content/allergic-rhinitis.md isn't yet tracked by git, dates will be inaccurate

Warning: content/cytarabine.md isn't yet tracked by git, dates will be inaccurate

Warning: content/ovalbumin.md isn't yet tracked by git, dates will be inaccurate

Warning: content/alzheimer-disease.md isn't yet tracked by git, dates will be inaccurate

Warning: content/immunoglobulin-a.md isn't yet tracked by git, dates will be inaccurate

Warning: content/cytokine-release-syndrome.md isn't yet tracked by git, dates will be inaccurate

Warning: content/ovarian-cancer.md isn't yet tracked by git, dates will be inaccurate

Warning: content/immunoglobulin-g.md isn't yet tracked by git, dates will be inaccurate

Warning: content/amyloid-beta.md isn't yet tracked by git, dates will be inaccurate

Warning: content/dcas9.md isn't yet tracked by git, dates will be inaccurate

Warning: content/oxidative-stress.md isn't yet tracked by git, dates will be inaccurate

Warning: content/androgen-receptor.md isn't yet tracked by git, dates will be inaccurate

Warning: content/immunoglobulin-m.md isn't yet tracked by git, dates will be inaccurate

Warning: content/ddit4.md isn't yet tracked by git, dates will be inaccurate

Warning: content/p300.md isn't yet tracked by git, dates will be inaccurate

Warning: content/immunotherapy.md isn't yet tracked by git, dates will be inaccurate

Warning: content/anti-pd-1-antibody.md isn't yet tracked by git, dates will be inaccurate

Warning: content/deep-learning.md isn't yet tracked by git, dates will be inaccurate

Warning: content/p38-mapk.md isn't yet tracked by git, dates will be inaccurate

Warning: content/indocyanine-green.md isn't yet tracked by git, dates will be inaccurate

Warning: content/anti-pd-l1-antibody.md isn't yet tracked by git, dates will be inaccurate

Warning: content/dementia.md isn't yet tracked by git, dates will be inaccurate

Warning: content/p53.md isn't yet tracked by git, dates will be inaccurate

Warning: content/indole-3-propionic-acid.md isn't yet tracked by git, dates will be inaccurate

Warning: content/dendritic-cells.md isn't yet tracked by git, dates will be inaccurate

Warning: content/antibodies.md isn't yet tracked by git, dates will be inaccurate

Warning: content/paclitaxel.md isn't yet tracked by git, dates will be inaccurate

Warning: content/induced-pluripotent-stem-cells.md isn't yet tracked by git, dates will be inaccurate

Warning: content/depression.md isn't yet tracked by git, dates will be inaccurate

Warning: content/antibody-drug-conjugates.md isn't yet tracked by git, dates will be inaccurate

Warning: content/pai-1.md isn't yet tracked by git, dates will be inaccurate

Warning: content/inflammation.md isn't yet tracked by git, dates will be inaccurate

Warning: content/dexamethasone.md isn't yet tracked by git, dates will be inaccurate

Warning: content/antiretroviral-therapy.md isn't yet tracked by git, dates will be inaccurate

Warning: content/pancreatic-cancer.md isn't yet tracked by git, dates will be inaccurate

Warning: content/inflammatory-bowel-disease.md isn't yet tracked by git, dates will be inaccurate

Warning: content/dexmedetomidine.md isn't yet tracked by git, dates will be inaccurate

Warning: content/anxiety.md isn't yet tracked by git, dates will be inaccurate

Warning: content/pancreatic-ductal-adenocarcinoma.md isn't yet tracked by git, dates will be inaccurate

Warning: content/inflammatory-diseases.md isn't yet tracked by git, dates will be inaccurate

Warning: content/dextran-sulfate-sodium.md isn't yet tracked by git, dates will be inaccurate

Warning: content/ap-1.md isn't yet tracked by git, dates will be inaccurate

Warning: content/papillary-thyroid-carcinoma.md isn't yet tracked by git, dates will be inaccurate

Warning: content/influenza-a-virus.md isn't yet tracked by git, dates will be inaccurate

Warning: content/dfmp.md isn't yet tracked by git, dates will be inaccurate

Warning: content/ape1.md isn't yet tracked by git, dates will be inaccurate

Warning: content/parkinson-disease.md isn't yet tracked by git, dates will be inaccurate

Warning: content/influenza-b.md isn't yet tracked by git, dates will be inaccurate

Warning: content/diabetes-mellitus.md isn't yet tracked by git, dates will be inaccurate

Warning: content/app.md isn't yet tracked by git, dates will be inaccurate

Warning: content/parp-inhibitors.md isn't yet tracked by git, dates will be inaccurate

Warning: content/influenza.md isn't yet tracked by git, dates will be inaccurate

Warning: content/diabetic-nephropathy.md isn't yet tracked by git, dates will be inaccurate

Warning: content/april.md isn't yet tracked by git, dates will be inaccurate

Warning: content/parp.md isn't yet tracked by git, dates will be inaccurate

Warning: content/inos.md isn't yet tracked by git, dates will be inaccurate

Warning: content/diabetic-retinopathy.md isn't yet tracked by git, dates will be inaccurate

Warning: content/aptamer.md isn't yet tracked by git, dates will be inaccurate

Warning: content/partial-least-squares.md isn't yet tracked by git, dates will be inaccurate

Warning: content/insulin.md isn't yet tracked by git, dates will be inaccurate

Warning: content/diabetic-wounds.md isn't yet tracked by git, dates will be inaccurate

Warning: content/artificial-intelligence.md isn't yet tracked by git, dates will be inaccurate

Warning: content/pd-1.md isn't yet tracked by git, dates will be inaccurate

Warning: content/interferon-gamma.md isn't yet tracked by git, dates will be inaccurate

Warning: content/aspartate-aminotransferase.md isn't yet tracked by git, dates will be inaccurate

Warning: content/diffuse-large-b-cell-lymphoma.md isn't yet tracked by git, dates will be inaccurate

Warning: content/pd-l1.md isn't yet tracked by git, dates will be inaccurate

Warning: content/interleukin-10.md isn't yet tracked by git, dates will be inaccurate

Warning: content/astaxanthin.md isn't yet tracked by git, dates will be inaccurate

Warning: content/dipeptidyl-peptidase-4.md isn't yet tracked by git, dates will be inaccurate

Warning: content/pdcd1.md isn't yet tracked by git, dates will be inaccurate

Warning: content/interleukin-15.md isn't yet tracked by git, dates will be inaccurate

Warning: content/atevs.md isn't yet tracked by git, dates will be inaccurate

Warning: content/dna-double-strand-breaks.md isn't yet tracked by git, dates will be inaccurate

Warning: content/interleukin-2.md isn't yet tracked by git, dates will be inaccurate

Warning: content/peg.md isn't yet tracked by git, dates will be inaccurate

Warning: content/atm.md isn't yet tracked by git, dates will be inaccurate

Warning: content/dna-tetrahedral-nanostructure.md isn't yet tracked by git, dates will be inaccurate

Warning: content/interleukin-21.md isn't yet tracked by git, dates will be inaccurate

Warning: content/pembrolizumab.md isn't yet tracked by git, dates will be inaccurate

Warning: content/atopic-dermatitis.md isn't yet tracked by git, dates will be inaccurate

Warning: content/docetaxel.md isn't yet tracked by git, dates will be inaccurate

Warning: content/intestinal-barrier-dysfunction.md isn't yet tracked by git, dates will be inaccurate

Warning: content/periodontal-ligament-stem-cells.md isn't yet tracked by git, dates will be inaccurate

Warning: content/atrial-fibrillation.md isn't yet tracked by git, dates will be inaccurate

Warning: content/doxorubicin.md isn't yet tracked by git, dates will be inaccurate

Warning: content/ion-mobility-mass-spectrometry.md isn't yet tracked by git, dates will be inaccurate

Warning: content/periodontitis.md isn't yet tracked by git, dates will be inaccurate

Warning: content/auranofin.md isn't yet tracked by git, dates will be inaccurate

Warning: content/dravet-syndrome.md isn't yet tracked by git, dates will be inaccurate

Warning: content/ire.md isn't yet tracked by git, dates will be inaccurate

Warning: content/peritoneal-metastasis.md isn't yet tracked by git, dates will be inaccurate

Warning: content/autoimmune-disease.md isn't yet tracked by git, dates will be inaccurate

Warning: content/irinotecan.md isn't yet tracked by git, dates will be inaccurate

Warning: content/drd2.md isn't yet tracked by git, dates will be inaccurate

Warning: content/persister-tumor-cells.md isn't yet tracked by git, dates will be inaccurate

Warning: content/automated-insulin-delivery.md isn't yet tracked by git, dates will be inaccurate

Warning: content/ischemia-reperfusion-injury.md isn't yet tracked by git, dates will be inaccurate

Warning: content/drug-delivery-systems.md isn't yet tracked by git, dates will be inaccurate

Warning: content/pfs230.md isn't yet tracked by git, dates will be inaccurate

Warning: content/b-cells.md isn't yet tracked by git, dates will be inaccurate

Warning: content/dysbiosis.md isn't yet tracked by git, dates will be inaccurate

Warning: content/ischemic-stroke.md isn't yet tracked by git, dates will be inaccurate

Warning: content/phosphate.md isn't yet tracked by git, dates will be inaccurate

Warning: content/b7-h3.md isn't yet tracked by git, dates will be inaccurate

Warning: content/itgb5.md isn't yet tracked by git, dates will be inaccurate

Warning: content/photoacoustic-imaging.md isn't yet tracked by git, dates will be inaccurate

Warning: content/e-coli.md isn't yet tracked by git, dates will be inaccurate

Warning: content/bacteriophages.md isn't yet tracked by git, dates will be inaccurate

Warning: content/jak.md isn't yet tracked by git, dates will be inaccurate

Warning: content/photodynamic-therapy.md isn't yet tracked by git, dates will be inaccurate

Warning: content/egfr-tkis.md isn't yet tracked by git, dates will be inaccurate

Warning: content/baff.md isn't yet tracked by git, dates will be inaccurate

Warning: content/jak1.md isn't yet tracked by git, dates will be inaccurate

Warning: content/photothermal-therapy.md isn't yet tracked by git, dates will be inaccurate

Warning: content/egfr.md isn't yet tracked by git, dates will be inaccurate

Warning: content/bax.md isn't yet tracked by git, dates will be inaccurate

Warning: content/jak2.md isn't yet tracked by git, dates will be inaccurate

Warning: content/pi3k.md isn't yet tracked by git, dates will be inaccurate

Warning: content/electronic-health-record.md isn't yet tracked by git, dates will be inaccurate

Warning: content/bcl2.md isn't yet tracked by git, dates will be inaccurate

Warning: content/konjac-glucomannan.md isn't yet tracked by git, dates will be inaccurate

Warning: content/pirfenidone.md isn't yet tracked by git, dates will be inaccurate

Warning: content/endodontic-infections.md isn't yet tracked by git, dates will be inaccurate

Warning: content/bcma.md isn't yet tracked by git, dates will be inaccurate

Warning: content/kras.md isn't yet tracked by git, dates will be inaccurate

Warning: content/pkmyt1.md isn't yet tracked by git, dates will be inaccurate

Warning: content/endometrial-cancer.md isn't yet tracked by git, dates will be inaccurate

Warning: content/bdnf.md isn't yet tracked by git, dates will be inaccurate

Warning: content/l-arginine.md isn't yet tracked by git, dates will be inaccurate

Warning: content/plga.md isn't yet tracked by git, dates will be inaccurate

Warning: content/endometriosis.md isn't yet tracked by git, dates will be inaccurate

Warning: content/bevacizumab.md isn't yet tracked by git, dates will be inaccurate

Warning: content/lactobacillus-rhamnosus-gg.md isn't yet tracked by git, dates will be inaccurate

Warning: content/pneumonia.md isn't yet tracked by git, dates will be inaccurate

Warning: content/endoplasmic-reticulum-stress.md isn't yet tracked by git, dates will be inaccurate

Warning: content/bile-acids.md isn't yet tracked by git, dates will be inaccurate

Warning: content/large-language-models.md isn't yet tracked by git, dates will be inaccurate

Warning: content/point-of-care-testing.md isn't yet tracked by git, dates will be inaccurate

Warning: content/enzalutamide.md isn't yet tracked by git, dates will be inaccurate

Warning: content/biofilms.md isn't yet tracked by git, dates will be inaccurate

Warning: content/lateral-flow-immunoassay.md isn't yet tracked by git, dates will be inaccurate

Warning: content/poly-vinyl-alcohol.md isn't yet tracked by git, dates will be inaccurate

Warning: content/epcam.md isn't yet tracked by git, dates will be inaccurate

Warning: content/biological-age.md isn't yet tracked by git, dates will be inaccurate

Warning: content/lateral-flow-test.md isn't yet tracked by git, dates will be inaccurate

Warning: content/polydopamine.md isn't yet tracked by git, dates will be inaccurate

Warning: content/epilepsy.md isn't yet tracked by git, dates will be inaccurate

Warning: content/bipolar-disorder.md isn't yet tracked by git, dates will be inaccurate

Warning: content/ldha.md isn't yet tracked by git, dates will be inaccurate

Warning: content/polyethylenimine.md isn't yet tracked by git, dates will be inaccurate

Warning: content/epithelial-to-mesenchymal-transition.md isn't yet tracked by git, dates will be inaccurate

Warning: content/bladder-cancer.md isn't yet tracked by git, dates will be inaccurate

Warning: content/lenvatinib.md isn't yet tracked by git, dates will be inaccurate

Warning: content/postmenopausal-osteoporosis.md isn't yet tracked by git, dates will be inaccurate

Warning: content/ergothioneine.md isn't yet tracked by git, dates will be inaccurate

Warning: content/bleeding.md isn't yet tracked by git, dates will be inaccurate

Warning: content/lipid-nanoparticle.md isn't yet tracked by git, dates will be inaccurate

Warning: content/ppar-gamma.md isn't yet tracked by git, dates will be inaccurate

Warning: content/erk.md isn't yet tracked by git, dates will be inaccurate

Warning: content/blood-brain-barrier.md isn't yet tracked by git, dates will be inaccurate

Warning: content/lipidomics.md isn't yet tracked by git, dates will be inaccurate

Warning: content/prediabetes.md isn't yet tracked by git, dates will be inaccurate

Warning: content/esr1.md isn't yet tracked by git, dates will be inaccurate

Warning: content/braf.md isn't yet tracked by git, dates will be inaccurate

Warning: content/liver-biopsy.md isn't yet tracked by git, dates will be inaccurate

Warning: content/prime-editing.md isn't yet tracked by git, dates will be inaccurate

Warning: content/estrogen-receptor.md isn't yet tracked by git, dates will be inaccurate

Warning: content/brain-aging.md isn't yet tracked by git, dates will be inaccurate

Warning: content/liver-cancer.md isn't yet tracked by git, dates will be inaccurate

Warning: content/prmt1.md isn't yet tracked by git, dates will be inaccurate

Warning: content/exatecan.md isn't yet tracked by git, dates will be inaccurate

Warning: content/brain-metastases.md isn't yet tracked by git, dates will be inaccurate

Warning: content/liver-fibrosis.md isn't yet tracked by git, dates will be inaccurate

Warning: content/prostate-cancer.md isn't yet tracked by git, dates will be inaccurate

Warning: content/exosomes.md isn't yet tracked by git, dates will be inaccurate

Warning: content/lnp.md isn't yet tracked by git, dates will be inaccurate

Warning: content/brca1.md isn't yet tracked by git, dates will be inaccurate

Warning: content/prostate-specific-antigen.md isn't yet tracked by git, dates will be inaccurate

Warning: content/extracellular-vesicles.md isn't yet tracked by git, dates will be inaccurate

Warning: content/brd4.md isn't yet tracked by git, dates will be inaccurate

Warning: content/lox.md isn't yet tracked by git, dates will be inaccurate

Warning: content/prostate-specific-membrane-antigen.md isn't yet tracked by git, dates will be inaccurate

Warning: content/ferrocene.md isn't yet tracked by git, dates will be inaccurate

Warning: content/lung-adenocarcinoma.md isn't yet tracked by git, dates will be inaccurate

Warning: content/breast-cancer.md isn't yet tracked by git, dates will be inaccurate

Warning: content/protac.md isn't yet tracked by git, dates will be inaccurate

Warning: content/ferroptosis.md isn't yet tracked by git, dates will be inaccurate

Warning: content/lung-cancer.md isn't yet tracked by git, dates will be inaccurate

Warning: content/butyrate.md isn't yet tracked by git, dates will be inaccurate

Warning: content/proteomics.md isn't yet tracked by git, dates will be inaccurate

Warning: content/fibrin.md isn't yet tracked by git, dates will be inaccurate

Warning: content/lung-squamous-cell-carcinoma.md isn't yet tracked by git, dates will be inaccurate

Warning: content/c3.md isn't yet tracked by git, dates will be inaccurate

Warning: content/proton-pump-inhibitors.md isn't yet tracked by git, dates will be inaccurate

Warning: content/flt3.md isn't yet tracked by git, dates will be inaccurate

Warning: content/lupus-nephritis.md isn't yet tracked by git, dates will be inaccurate

Warning: content/cadmium.md isn't yet tracked by git, dates will be inaccurate

Warning: content/psychological-distress.md isn't yet tracked by git, dates will be inaccurate

Warning: content/folfox.md isn't yet tracked by git, dates will be inaccurate

Warning: content/lyophilization.md isn't yet tracked by git, dates will be inaccurate

Warning: content/calcium-dysregulation.md isn't yet tracked by git, dates will be inaccurate

Warning: content/ptpn1.md isn't yet tracked by git, dates will be inaccurate

Warning: content/follicular-lymphoma.md isn't yet tracked by git, dates will be inaccurate

Warning: content/m2-macrophages.md isn't yet tracked by git, dates will be inaccurate

Warning: content/cancer-associated-fibroblasts.md isn't yet tracked by git, dates will be inaccurate

Warning: content/ptpn2.md isn't yet tracked by git, dates will be inaccurate

Warning: content/foxp3.md isn't yet tracked by git, dates will be inaccurate

Warning: content/machine-learning.md isn't yet tracked by git, dates will be inaccurate

Warning: content/cancer.md isn't yet tracked by git, dates will be inaccurate

Warning: content/pulmonary-fibrosis.md isn't yet tracked by git, dates will be inaccurate

Warning: content/fucoidan.md isn't yet tracked by git, dates will be inaccurate

Warning: content/macrophages.md isn't yet tracked by git, dates will be inaccurate

Warning: content/car-t-cells.md isn't yet tracked by git, dates will be inaccurate

Warning: content/qs21.md isn't yet tracked by git, dates will be inaccurate

Warning: content/fxa.md isn't yet tracked by git, dates will be inaccurate

Warning: content/malaria.md isn't yet tracked by git, dates will be inaccurate

Warning: content/carbonic-anhydrase-ix.md isn't yet tracked by git, dates will be inaccurate

Warning: content/quadrivalent-vaccine.md isn't yet tracked by git, dates will be inaccurate

Warning: content/fxr.md isn't yet tracked by git, dates will be inaccurate

Warning: content/carbonic-anhydrase-xii.md isn't yet tracked by git, dates will be inaccurate

Warning: content/manganese-ions.md isn't yet tracked by git, dates will be inaccurate

Warning: content/quaternary-ammonium-chitosan.md isn't yet tracked by git, dates will be inaccurate

Warning: content/g-csf.md isn't yet tracked by git, dates will be inaccurate

Warning: content/carboplatin.md isn't yet tracked by git, dates will be inaccurate

Warning: content/mantle-cell-lymphoma.md isn't yet tracked by git, dates will be inaccurate

Warning: content/quercetin.md isn't yet tracked by git, dates will be inaccurate

Warning: content/gasdermin-d.md isn't yet tracked by git, dates will be inaccurate

Warning: content/carboxymethyl-chitosan.md isn't yet tracked by git, dates will be inaccurate

Warning: content/mapk.md isn't yet tracked by git, dates will be inaccurate

Warning: content/r-chop.md isn't yet tracked by git, dates will be inaccurate

Warning: content/gastric-adenocarcinoma.md isn't yet tracked by git, dates will be inaccurate

Warning: content/cardiac-contractile-dysfunction.md isn't yet tracked by git, dates will be inaccurate

Warning: content/mash.md isn't yet tracked by git, dates will be inaccurate

Warning: content/rac1.md isn't yet tracked by git, dates will be inaccurate

Warning: content/gastric-cancer.md isn't yet tracked by git, dates will be inaccurate

Warning: content/cas12a.md isn't yet tracked by git, dates will be inaccurate

Warning: content/masld.md isn't yet tracked by git, dates will be inaccurate

Warning: content/radiomics.md isn't yet tracked by git, dates will be inaccurate

Warning: content/gastro-oesophageal-junction-cancer.md isn't yet tracked by git, dates will be inaccurate

Warning: content/casp3.md isn't yet tracked by git, dates will be inaccurate

Warning: content/mek-inhibitors.md isn't yet tracked by git, dates will be inaccurate

Warning: content/radioresistance.md isn't yet tracked by git, dates will be inaccurate

Warning: content/gbm.md isn't yet tracked by git, dates will be inaccurate

Warning: content/caspase-1.md isn't yet tracked by git, dates will be inaccurate

Warning: content/melanin.md isn't yet tracked by git, dates will be inaccurate

Warning: content/radiotherapy.md isn't yet tracked by git, dates will be inaccurate

Warning: content/gefs+.md isn't yet tracked by git, dates will be inaccurate

Warning: content/castration-resistant-prostate-cancer.md isn't yet tracked by git, dates will be inaccurate

Warning: content/melanoma.md isn't yet tracked by git, dates will be inaccurate

Warning: content/rage.md isn't yet tracked by git, dates will be inaccurate

Warning: content/gelatin-methacryloyl.md isn't yet tracked by git, dates will be inaccurate

Warning: content/caveolin-1.md isn't yet tracked by git, dates will be inaccurate

Warning: content/random-forests.md isn't yet tracked by git, dates will be inaccurate

Warning: content/mendelian-randomization.md isn't yet tracked by git, dates will be inaccurate

Warning: content/gelatin.md isn't yet tracked by git, dates will be inaccurate

Warning: content/ccl2.md isn't yet tracked by git, dates will be inaccurate

Warning: content/ras.md isn't yet tracked by git, dates will be inaccurate

Warning: content/mesenchymal-stem-cells.md isn't yet tracked by git, dates will be inaccurate

Warning: content/gemcitabine.md isn't yet tracked by git, dates will be inaccurate

Warning: content/ccr5.md isn't yet tracked by git, dates will be inaccurate

Warning: content/mesoporous-silica-nanoparticles.md isn't yet tracked by git, dates will be inaccurate

Warning: content/reactive-oxygen-species.md isn't yet tracked by git, dates will be inaccurate

Warning: content/glaucoma.md isn't yet tracked by git, dates will be inaccurate

Warning: content/cd163.md isn't yet tracked by git, dates will be inaccurate

Warning: content/rectal-cancer.md isn't yet tracked by git, dates will be inaccurate

Warning: content/metabolic-engineering.md isn't yet tracked by git, dates will be inaccurate

Warning: content/glioma.md isn't yet tracked by git, dates will be inaccurate

Warning: content/cd19.md isn't yet tracked by git, dates will be inaccurate

Warning: content/renal-cell-carcinoma.md isn't yet tracked by git, dates will be inaccurate

Warning: content/metabolic-syndrome.md isn't yet tracked by git, dates will be inaccurate

Warning: content/glp-1-receptor-agonists.md isn't yet tracked by git, dates will be inaccurate

Warning: content/cd20.md isn't yet tracked by git, dates will be inaccurate

Warning: content/renal-fibrosis.md isn't yet tracked by git, dates will be inaccurate

Warning: content/metabolomics.md isn't yet tracked by git, dates will be inaccurate

Warning: content/glucocorticoids.md isn't yet tracked by git, dates will be inaccurate

Warning: content/cd3.md isn't yet tracked by git, dates will be inaccurate

Warning: content/metagenomic-sequencing.md isn't yet tracked by git, dates will be inaccurate

Warning: content/renal-injury.md isn't yet tracked by git, dates will be inaccurate

Warning: content/glutathione-peroxidase-4.md isn't yet tracked by git, dates will be inaccurate

Warning: content/cd4-t-cells.md isn't yet tracked by git, dates will be inaccurate

Warning: content/metastasis.md isn't yet tracked by git, dates will be inaccurate

Warning: content/reproductive-aging.md isn't yet tracked by git, dates will be inaccurate

Warning: content/glutathione.md isn't yet tracked by git, dates will be inaccurate

Warning: content/cd4.md isn't yet tracked by git, dates will be inaccurate

Warning: content/ret.md isn't yet tracked by git, dates will be inaccurate

Warning: content/metformin.md isn't yet tracked by git, dates will be inaccurate

Warning: content/glycine.md isn't yet tracked by git, dates will be inaccurate

Warning: content/cd44.md isn't yet tracked by git, dates will be inaccurate

Warning: content/rheumatoid-arthritis.md isn't yet tracked by git, dates will be inaccurate

Warning: content/methionine.md isn't yet tracked by git, dates will be inaccurate

Warning: content/glycosaminoglycan.md isn't yet tracked by git, dates will be inaccurate

Warning: content/cd73.md isn't yet tracked by git, dates will be inaccurate

Warning: content/rna-lnp.md isn't yet tracked by git, dates will be inaccurate

Warning: content/microbubbles.md isn't yet tracked by git, dates will be inaccurate

Warning: content/gold-nanoparticles.md isn't yet tracked by git, dates will be inaccurate

Warning: content/cd74.md isn't yet tracked by git, dates will be inaccurate

Warning: content/microfluidic-chip.md isn't yet tracked by git, dates will be inaccurate

Warning: content/rna-therapeutics.md isn't yet tracked by git, dates will be inaccurate

Warning: content/gpnmb.md isn't yet tracked by git, dates will be inaccurate

Warning: content/cd8-t-cells.md isn't yet tracked by git, dates will be inaccurate

Warning: content/microglia.md isn't yet tracked by git, dates will be inaccurate

Warning: content/rt-pa.md isn't yet tracked by git, dates will be inaccurate

Warning: content/gpx4.md isn't yet tracked by git, dates will be inaccurate

Warning: content/cd8.md isn't yet tracked by git, dates will be inaccurate

Warning: content/microneedles.md isn't yet tracked by git, dates will be inaccurate

Warning: content/runx2.md isn't yet tracked by git, dates will be inaccurate

Warning: content/graft-versus-host-disease.md isn't yet tracked by git, dates will be inaccurate

Warning: content/cd96.md isn't yet tracked by git, dates will be inaccurate

Warning: content/ruxolitinib.md isn't yet tracked by git, dates will be inaccurate

Warning: content/minimal-residual-disease.md isn't yet tracked by git, dates will be inaccurate

Warning: content/granzyme-b.md isn't yet tracked by git, dates will be inaccurate

Warning: content/cellular-senescence.md isn't yet tracked by git, dates will be inaccurate

Warning: content/salvia-miltiorrhiza.md isn't yet tracked by git, dates will be inaccurate

Warning: content/mirna.md isn't yet tracked by git, dates will be inaccurate

Warning: content/guide-rna.md isn't yet tracked by git, dates will be inaccurate

Warning: content/cereblon.md isn't yet tracked by git, dates will be inaccurate

Warning: content/salvianic-acid-a.md isn't yet tracked by git, dates will be inaccurate

Warning: content/mitochondrial-complex-i.md isn't yet tracked by git, dates will be inaccurate

Warning: content/gut-microbiota.md isn't yet tracked by git, dates will be inaccurate

Warning: content/cervical-cancer.md isn't yet tracked by git, dates will be inaccurate

Warning: content/sars-cov-2.md isn't yet tracked by git, dates will be inaccurate

Warning: content/mitochondrial-dysfunction.md isn't yet tracked by git, dates will be inaccurate

Warning: content/h2o2.md isn't yet tracked by git, dates will be inaccurate

Warning: content/cetuximab.md isn't yet tracked by git, dates will be inaccurate

Warning: content/schizophrenia.md isn't yet tracked by git, dates will be inaccurate

Warning: content/mmp2.md isn't yet tracked by git, dates will be inaccurate

Warning: content/hand-foot-and-mouth-disease.md isn't yet tracked by git, dates will be inaccurate

Warning: content/cgm.md isn't yet tracked by git, dates will be inaccurate

Warning: content/scn1a.md isn't yet tracked by git, dates will be inaccurate

Warning: content/hdac6.md isn't yet tracked by git, dates will be inaccurate

Warning: content/mmp9.md isn't yet tracked by git, dates will be inaccurate

Warning: content/chemotherapy-induced-peripheral-neuropathy.md isn't yet tracked by git, dates will be inaccurate

Warning: content/selenium-nanoparticles.md isn't yet tracked by git, dates will be inaccurate

Warning: content/heart-disease.md isn't yet tracked by git, dates will be inaccurate

Warning: content/monoclonal-antibodies.md isn't yet tracked by git, dates will be inaccurate

Warning: content/chitosan.md isn't yet tracked by git, dates will be inaccurate

Warning: content/sepsis.md isn't yet tracked by git, dates will be inaccurate

Warning: content/heart-failure.md isn't yet tracked by git, dates will be inaccurate

Warning: content/mpda.md isn't yet tracked by git, dates will be inaccurate

Warning: content/chlorin-e6.md isn't yet tracked by git, dates will be inaccurate

Warning: content/sers.md isn't yet tracked by git, dates will be inaccurate

Warning: content/hemagglutinin.md isn't yet tracked by git, dates will be inaccurate

Warning: content/mri.md isn't yet tracked by git, dates will be inaccurate

Warning: content/chronic-kidney-disease.md isn't yet tracked by git, dates will be inaccurate

Warning: content/silver-nanoparticles.md isn't yet tracked by git, dates will be inaccurate

Warning: content/hematopoietic-stem-cell-transplantation.md isn't yet tracked by git, dates will be inaccurate

Warning: content/mrna-vaccine.md isn't yet tracked by git, dates will be inaccurate

Warning: content/chronic-lymphocytic-leukemia.md isn't yet tracked by git, dates will be inaccurate

Warning: content/single-cell-rna-sequencing.md isn't yet tracked by git, dates will be inaccurate

Warning: content/heme-oxygenase-1.md isn't yet tracked by git, dates will be inaccurate

Warning: content/circular-rnas.md isn't yet tracked by git, dates will be inaccurate

Warning: content/mrna.md isn't yet tracked by git, dates will be inaccurate

Warning: content/sirna.md isn't yet tracked by git, dates will be inaccurate

Warning: content/heme.md isn't yet tracked by git, dates will be inaccurate

Warning: content/mrp1.md isn't yet tracked by git, dates will be inaccurate

Warning: content/circulating-tumor-dna.md isn't yet tracked by git, dates will be inaccurate

Warning: content/hemoglobin.md isn't yet tracked by git, dates will be inaccurate

Warning: content/sirt1.md isn't yet tracked by git, dates will be inaccurate

Warning: content/mrsa.md isn't yet tracked by git, dates will be inaccurate

Warning: content/cirrhosis.md isn't yet tracked by git, dates will be inaccurate

Warning: content/heparan-sulfate.md isn't yet tracked by git, dates will be inaccurate

Warning: content/slc7a11.md isn't yet tracked by git, dates will be inaccurate

Warning: content/cisplatin.md isn't yet tracked by git, dates will be inaccurate

Warning: content/mtor.md isn't yet tracked by git, dates will be inaccurate

Warning: content/slc7a5.md isn't yet tracked by git, dates will be inaccurate

Warning: content/heparin.md isn't yet tracked by git, dates will be inaccurate

Warning: content/clear-cell-renal-cell-carcinoma.md isn't yet tracked by git, dates will be inaccurate

Warning: content/mtorc1.md isn't yet tracked by git, dates will be inaccurate

Warning: content/smad3.md isn't yet tracked by git, dates will be inaccurate

Warning: content/hepatitis-b.md isn't yet tracked by git, dates will be inaccurate

Warning: content/click-chemistry.md isn't yet tracked by git, dates will be inaccurate

Warning: content/mucins.md isn't yet tracked by git, dates will be inaccurate

Warning: content/sn-38.md isn't yet tracked by git, dates will be inaccurate

Warning: content/clopidogrel.md isn't yet tracked by git, dates will be inaccurate

Warning: content/multiple-myeloma.md isn't yet tracked by git, dates will be inaccurate

Warning: content/sodium-alginate.md isn't yet tracked by git, dates will be inaccurate

Warning: content/colitis.md isn't yet tracked by git, dates will be inaccurate

Warning: content/multiple-sclerosis.md isn't yet tracked by git, dates will be inaccurate

Warning: content/sonodynamic-therapy.md isn't yet tracked by git, dates will be inaccurate

Warning: content/collagen.md isn't yet tracked by git, dates will be inaccurate

Warning: content/myc.md isn't yet tracked by git, dates will be inaccurate

Warning: content/sorafenib.md isn't yet tracked by git, dates will be inaccurate

Warning: content/colon-cancer.md isn't yet tracked by git, dates will be inaccurate

Warning: content/nadph.md isn't yet tracked by git, dates will be inaccurate

Warning: content/stat3.md isn't yet tracked by git, dates will be inaccurate

Warning: content/spatial-proteomics.md isn't yet tracked by git, dates will be inaccurate

Warning: content/colorectal-cancer.md isn't yet tracked by git, dates will be inaccurate

Warning: content/nafld.md isn't yet tracked by git, dates will be inaccurate

Warning: content/stat5.md isn't yet tracked by git, dates will be inaccurate

Warning: content/spatial-transcriptomics.md isn't yet tracked by git, dates will be inaccurate

Warning: content/nano-prodrugs.md isn't yet tracked by git, dates will be inaccurate

Warning: content/computed-tomography.md isn't yet tracked by git, dates will be inaccurate

Warning: content/steatosis.md isn't yet tracked by git, dates will be inaccurate

Warning: content/spike-protein.md isn't yet tracked by git, dates will be inaccurate

Warning: content/nano-silica.md isn't yet tracked by git, dates will be inaccurate

Warning: content/conductive-multifunctional-hydrogel.md isn't yet tracked by git, dates will be inaccurate

Warning: content/sting.md isn't yet tracked by git, dates will be inaccurate

Warning: content/spinal-cord-injury.md isn't yet tracked by git, dates will be inaccurate

Warning: content/nash.md isn't yet tracked by git, dates will be inaccurate

Warning: content/convolutional-neural-networks.md isn't yet tracked by git, dates will be inaccurate

Warning: content/streptozotocin.md isn't yet tracked by git, dates will be inaccurate

Warning: content/spp1.md isn't yet tracked by git, dates will be inaccurate

Warning: content/nav1.1.md isn't yet tracked by git, dates will be inaccurate

Warning: content/copper-nanoclusters.md isn't yet tracked by git, dates will be inaccurate

Warning: content/stroke.md isn't yet tracked by git, dates will be inaccurate

Warning: content/src.md isn't yet tracked by git, dates will be inaccurate

Warning: content/neoadjuvant-therapy.md isn't yet tracked by git, dates will be inaccurate

Warning: content/copper.md isn't yet tracked by git, dates will be inaccurate

Warning: content/subarachnoid-hemorrhage.md isn't yet tracked by git, dates will be inaccurate

Warning: content/stable-isotope-analysis.md isn't yet tracked by git, dates will be inaccurate

Warning: content/nets.md isn't yet tracked by git, dates will be inaccurate

Warning: content/cord-blood.md isn't yet tracked by git, dates will be inaccurate

Warning: content/sunitinib.md isn't yet tracked by git, dates will be inaccurate

Warning: content/standard-influenza-vaccine.md isn't yet tracked by git, dates will be inaccurate

Warning: content/neu5ac.md isn't yet tracked by git, dates will be inaccurate

Warning: content/coronary-atherosclerosis.md isn't yet tracked by git, dates will be inaccurate

Warning: content/support-vector-machines.md isn't yet tracked by git, dates will be inaccurate

Warning: content/staphylococcus-aureus.md isn't yet tracked by git, dates will be inaccurate

Warning: content/systemic-lupus-erythematosus.md isn't yet tracked by git, dates will be inaccurate

Warning: content/neurodegenerative-disorders.md isn't yet tracked by git, dates will be inaccurate

Warning: content/t-cell-engagers.md isn't yet tracked by git, dates will be inaccurate

Warning: content/t-cell-receptor.md isn't yet tracked by git, dates will be inaccurate

Warning: content/tcf1.md isn't yet tracked by git, dates will be inaccurate

Warning: content/tcga.md isn't yet tracked by git, dates will be inaccurate

Warning: content/telitacicept.md isn't yet tracked by git, dates will be inaccurate

Warning: content/tenecteplase.md isn't yet tracked by git, dates will be inaccurate

Warning: content/tfeb.md isn't yet tracked by git, dates will be inaccurate

Warning: content/tgf-beta.md isn't yet tracked by git, dates will be inaccurate

Warning: content/thioredoxin-reductase.md isn't yet tracked by git, dates will be inaccurate

Warning: content/thrombosis.md isn't yet tracked by git, dates will be inaccurate

Warning: content/thrombus.md isn't yet tracked by git, dates will be inaccurate

Warning: content/tigit.md isn't yet tracked by git, dates will be inaccurate

Warning: content/tl1a.md isn't yet tracked by git, dates will be inaccurate

Warning: content/tlr4.md isn't yet tracked by git, dates will be inaccurate

Warning: content/tnf-alpha.md isn't yet tracked by git, dates will be inaccurate

Warning: content/tobramycin.md isn't yet tracked by git, dates will be inaccurate

Warning: content/tp53.md isn't yet tracked by git, dates will be inaccurate

Warning: content/tpgs.md isn't yet tracked by git, dates will be inaccurate

Warning: content/traumatic-brain-injury.md isn't yet tracked by git, dates will be inaccurate

Warning: content/tregs.md isn't yet tracked by git, dates will be inaccurate

Warning: content/tretinoin.md isn't yet tracked by git, dates will be inaccurate

Warning: content/triple-negative-breast-cancer.md isn't yet tracked by git, dates will be inaccurate

Warning: content/trop-2.md isn't yet tracked by git, dates will be inaccurate

Warning: content/tuberculosis.md isn't yet tracked by git, dates will be inaccurate

Warning: content/tumor-associated-antigens.md isn't yet tracked by git, dates will be inaccurate

Warning: content/tumor-associated-macrophages.md isn't yet tracked by git, dates will be inaccurate

Warning: content/tumor-microenvironment.md isn't yet tracked by git, dates will be inaccurate

Warning: content/type-1-diabetes-mellitus.md isn't yet tracked by git, dates will be inaccurate

Warning: content/type-2-diabetes-mellitus.md isn't yet tracked by git, dates will be inaccurate

Warning: content/type-i-interferon.md isn't yet tracked by git, dates will be inaccurate

Warning: content/ubiquitin-proteasome-system.md isn't yet tracked by git, dates will be inaccurate

Warning: content/udp-d-glucose.md isn't yet tracked by git, dates will be inaccurate

Warning: content/ugt1a1.md isn't yet tracked by git, dates will be inaccurate

Warning: content/uk-biobank.md isn't yet tracked by git, dates will be inaccurate

Warning: content/ulcerative-colitis.md isn't yet tracked by git, dates will be inaccurate

Warning: content/ultrasound-cavitation.md isn't yet tracked by git, dates will be inaccurate

Warning: content/ultrasound.md isn't yet tracked by git, dates will be inaccurate

Warning: content/unfolded-protein-response.md isn't yet tracked by git, dates will be inaccurate

Warning: content/upadacitinib.md isn't yet tracked by git, dates will be inaccurate

Warning: content/upar.md isn't yet tracked by git, dates will be inaccurate

Warning: content/vancomycin.md isn't yet tracked by git, dates will be inaccurate

Warning: content/vascular-dementia.md isn't yet tracked by git, dates will be inaccurate

Warning: content/vegf.md isn't yet tracked by git, dates will be inaccurate

Warning: content/vegfa.md isn't yet tracked by git, dates will be inaccurate

Warning: content/venetoclax.md isn't yet tracked by git, dates will be inaccurate

Warning: content/vhl.md isn't yet tracked by git, dates will be inaccurate

Warning: content/vimentin.md isn't yet tracked by git, dates will be inaccurate

Warning: content/vitamin-d3.md isn't yet tracked by git, dates will be inaccurate

Warning: content/vp1.md isn't yet tracked by git, dates will be inaccurate

Warning: content/wnt-beta-catenin-pathway.md isn't yet tracked by git, dates will be inaccurate

Warning: content/wound-healing.md isn't yet tracked by git, dates will be inaccurate

Warning: content/xgboost.md isn't yet tracked by git, dates will be inaccurate

Warning: content/yap.md isn't yet tracked by git, dates will be inaccurate

Warning: content/znf254.md isn't yet tracked by git, dates will be inaccurate


 ERROR 

 
Exiting Quartz due to a fatal error: 

 ERROR 

 
Failed to process markdown `content/hepatocellular-carcinoma.md`: Cannot create property 'title' on string 'The tumor microenvironment in HCC is shaped by heterotypic signaling between malignant hepatocytes and the surrounding stroma. [[endotrophin|Endotrophin (ETP)]], a cleavage fragment of [[col6a3|collagen VI α3 (COL6A3)]] secreted by hepatic stellate cells, binds to [[cd44|CD44]] receptors on pericentral tumor cells, activating [[stat3|STAT3]] signaling and driving [[epithelial-mesenchymal-transition|epithelial-mesenchymal transition (EMT)]], proliferation, and resistance to [[sorafenib]].³ This interaction establishes a self-reinforcing feedback loop wherein STAT3 activation induces COL6A3 expression in tumor cells, sustaining endotrophin production and amplifying protumorigenic signals. In mouse models of metabolic dysfunction-associated HCC induced by diethylnitrosamine plus high-fat diet, dual knockout of Col6a3 and Cd44 markedly reduced tumor burden, restored sorafenib sensitivity, and attenuated fibrosis and steatotic-fibrotic niche formation.³
[[lactate-metabolism|Lactate metabolism]] and protein lactylation represent critical regulatory nodes in HCC progression. [[aars2|AARS2]], a mitochondrial aminoacyl-tRNA synthetase that moonlights as a lactate-modifying enzyme, acts as a master regulator linking metabolic reprogramming to oncogenic signaling.⁴ Landscape screening identified AARS2 as a central hub whose dysregulation alters lactate flux and protein lactylation patterns, creating a permissive metabolic environment for tumor growth and therapeutic resistance.⁴
Immune evasion in HCC is orchestrated by epigenetic mechanisms, particularly through [[cbx4|chromobox 4 (CBX4)]], a chromodomain-containing protein that catalyzes SUMOylation and recognizes repressive histone marks. In vivo CRISPR screens targeting epigenetics-related factors identified CBX4 as a key negative regulator of antitumor immunity.⁵ Single-cell RNA sequencing and spatial transcriptomics analyses of patients receiving neoadjuvant anti-PD-1 therapy revealed high CBX4 expression in both tumor cells and immunosuppressive tumor-associated macrophages, with preferential accumulation in nonresponders.⁵ CBX4 silences endogenous retroelements through H3K9me3 and H3K27me3 marking; its deletion derepresses retrotransposons, activating cytosolic RNA-sensing pathways and triggering robust type I interferon responses that inflame the tumor microenvironment and heighten sensitivity to immune checkpoint blockade.⁵
Chronic HBV infection drives HCC through the expansion of cancer stem cell populations characterized by enhanced self-renewal capacity and therapeutic resistance. Integrated multi-omics analysis identified [[ssr2|signal sequence receptor subunit 2 (SSR2)]] and [[ube2d3|ubiquitin-conjugating enzyme E2 D3 (UBE2D3)]] as core stemness biomarkers in HBV-associated HCC.⁶ High SSR2 expression and low UBE2D3 expression correlate with poor clinical outcomes and predict resistance to conventional therapies, highlighting the stem cell compartment as a critical determinant of disease trajectory.⁶'
 [[lactate-metabolism|Lactate metabolism]] and protein lactylation represent critical regulatory nodes in HCC progression. [[aars2|AARS2]], a mitochondrial aminoacyl-tRNA synthetase that moonlights as a lactate-modifying enzyme, acts as a master regulator linking metabolic reprogramming to oncogenic signaling.⁴ Landscape screening identified AARS2 as a central hub whose dysregulation alters lactate flux and protein lactylation patterns, creating a permissive metabolic environment for tumor growth and therapeutic resistance.⁴
 Immune evasion in HCC is orchestrated by epigenetic mechanisms, particularly through [[cbx4|chromobox 4 (CBX4)]], a chromodomain-containing protein that catalyzes SUMOylation and recognizes repressive histone marks. In vivo CRISPR screens targeting epigenetics-related factors identified CBX4 as a key negative regulator of antitumor immunity.⁵ Single-cell RNA sequencing and spatial transcriptomics analyses of patients receiving neoadjuvant anti-PD-1 therapy revealed high CBX4 expression in both tumor cells and immunosuppressive tumor-associated macrophages, with preferential accumulation in nonresponders.⁵ CBX4 silences endogenous retroelements through H3K9me3 and H3K27me3 marking; its deletion derepresses retrotransposons, activating cytosolic RNA-sensing pathways and triggering robust type I interferon responses that inflame the tumor microenvironment and heighten sensitivity to immune checkpoint blockade.⁵
 Chronic HBV infection drives HCC through the expansion of cancer stem cell populations characterized by enhanced self-renewal capacity and therapeutic resistance. Integrated multi-omics analysis identified [[ssr2|signal sequence receptor subunit 2 (SSR2)]] and [[ube2d3|ubiquitin-conjugating enzyme E2 D3 (UBE2D3)]] as core stemness biomarkers in HBV-associated HCC.⁶ High SSR2 expression and low UBE2D3 expression correlate with poor clinical outcomes and predict resistance to conventional therapies, highlighting the stem cell compartment as a critical determinant of disease trajectory.⁶'
     at file:///Users/wonhurk/quartz/.quartz/plugins/note-properties/src/transformer.ts:181:20
 
  ERROR 
 
  
 Failed to process markdown `content/hepatocellular-carcinoma.md`: Cannot create property 'title' on string 'The tumor microenvironment in HCC is shaped by heterotypic signaling between malignant hepatocytes and the surrounding stroma. [[endotrophin|Endotrophin (ETP)]], a cleavage fragment of [[col6a3|collagen VI α3 (COL6A3)]] secreted by hepatic stellate cells, binds to [[cd44|CD44]] receptors on pericentral tumor cells, activating [[stat3|STAT3]] signaling and driving [[epithelial-mesenchymal-transition|epithelial-mesenchymal transition (EMT)]], proliferation, and resistance to [[sorafenib]].³ This interaction establishes a self-reinforcing feedback loop wherein STAT3 activation induces COL6A3 expression in tumor cells, sustaining endotrophin production and amplifying protumorigenic signals. In mouse models of metabolic dysfunction-associated HCC induced by diethylnitrosamine plus high-fat diet, dual knockout of Col6a3 and Cd44 markedly reduced tumor burden, restored sorafenib sensitivity, and attenuated fibrosis and steatotic-fibrotic niche formation.³
 [[lactate-metabolism|Lactate metabolism]] and protein lactylation represent critical regulatory nodes in HCC progression. [[aars2|AARS2]], a mitochondrial aminoacyl-tRNA synthetase that moonlights as a lactate-modifying enzyme, acts as a master regulator linking metabolic reprogramming to oncogenic signaling.⁴ Landscape screening identified AARS2 as a central hub whose dysregulation alters lactate flux and protein lactylation patterns, creating a permissive metabolic environment for tumor growth and therapeutic resistance.⁴
 Immune evasion in HCC is orchestrated by epigenetic mechanisms, particularly through [[cbx4|chromobox 4 (CBX4)]], a chromodomain-containing protein that catalyzes SUMOylation and recognizes repressive histone marks. In vivo CRISPR screens targeting epigenetics-related factors identified CBX4 as a key negative regulator of antitumor immunity.⁵ Single-cell RNA sequencing and spatial transcriptomics analyses of patients receiving neoadjuvant anti-PD-1 therapy revealed high CBX4 expression in both tumor cells and immunosuppressive tumor-associated macrophages, with preferential accumulation in nonresponders.⁵ CBX4 silences endogenous retroelements through H3K9me3 and H3K27me3 marking; its deletion derepresses retrotransposons, activating cytosolic RNA-sensing pathways and triggering robust type I interferon responses that inflame the tumor microenvironment and heighten sensitivity to immune checkpoint blockade.⁵
 Chronic HBV infection drives HCC through the expansion of cancer stem cell populations characterized by enhanced self-renewal capacity and therapeutic resistance. Integrated multi-omics analysis identified [[ssr2|signal sequence receptor subunit 2 (SSR2)]] and [[ube2d3|ubiquitin-conjugating enzyme E2 D3 (UBE2D3)]] as core stemness biomarkers in HBV-associated HCC.⁶ High SSR2 expression and low UBE2D3 expression correlate with poor clinical outcomes and predict resistance to conventional therapies, highlighting the stem cell compartment as a critical determinant of disease trajectory.⁶'
  [[lactate-metabolism|Lactate metabolism]] and protein lactylation represent critical regulatory nodes in HCC progression. [[aars2|AARS2]], a mitochondrial aminoacyl-tRNA synthetase that moonlights as a lactate-modifying enzyme, acts as a master regulator linking metabolic reprogramming to oncogenic signaling.⁴ Landscape screening identified AARS2 as a central hub whose dysregulation alters lactate flux and protein lactylation patterns, creating a permissive metabolic environment for tumor growth and therapeutic resistance.⁴
  Immune evasion in HCC is orchestrated by epigenetic mechanisms, particularly through [[cbx4|chromobox 4 (CBX4)]], a chromodomain-containing protein that catalyzes SUMOylation and recognizes repressive histone marks. In vivo CRISPR screens targeting epigenetics-related factors identified CBX4 as a key negative regulator of antitumor immunity.⁵ Single-cell RNA sequencing and spatial transcriptomics analyses of patients receiving neoadjuvant anti-PD-1 therapy revealed high CBX4 expression in both tumor cells and immunosuppressive tumor-associated macrophages, with preferential accumulation in nonresponders.⁵ CBX4 silences endogenous retroelements through H3K9me3 and H3K27me3 marking; its deletion derepresses retrotransposons, activating cytosolic RNA-sensing pathways and triggering robust type I interferon responses that inflame the tumor microenvironment and heighten sensitivity to immune checkpoint blockade.⁵
  Chronic HBV infection drives HCC through the expansion of cancer stem cell populations characterized by enhanced self-renewal capacity and therapeutic resistance. Integrated multi-omics analysis identified [[ssr2|signal sequence receptor subunit 2 (SSR2)]] and [[ube2d3|ubiquitin-conjugating enzyme E2 D3 (UBE2D3)]] as core stemness biomarkers in HBV-associated HCC.⁶ High SSR2 expression and low UBE2D3 expression correlate with poor clinical outcomes and predict resistance to conventional therapies, highlighting the stem cell compartment as a critical determinant of disease trajectory.⁶'
      at file:///Users/wonhurk/quartz/.quartz/plugins/note-properties/src/transformer.ts:181:20
